2026-08-01 03:00:00 INFO GET /api/users 200 80ms
2026-08-01 03:00:18 INFO GET /health 200 4ms
2026-08-01 03:00:36 INFO GET /health 200 7ms
2026-08-01 03:00:54 INFO GET /health 200 5ms
2026-08-01 03:01:12 INFO GET /health 200 3ms
2026-08-01 03:01:25 INFO POST /api/login 200 164ms
2026-08-01 03:01:43 INFO POST /api/login 200 143ms
2026-08-01 03:02:01 INFO POST /api/login 200 192ms
2026-08-01 03:02:19 ERROR POST /api/orders 500 2834ms
2026-08-01 03:02:37 ERROR POST /api/orders 500 3017ms
2026-08-01 03:02:50 ERROR POST /api/orders 500 2100ms
2026-08-01 03:03:08 INFO POST /api/orders 200 246ms
2026-08-01 03:03:26 INFO GET /api/users 200 120ms
2026-08-01 03:03:44 INFO GET /api/users 200 131ms
2026-08-01 03:04:02 INFO GET /api/users 200 82ms
2026-08-01 03:04:15 INFO GET /api/users 200 93ms
2026-08-01 03:04:33 INFO GET /api/users 200 104ms
2026-08-01 03:04:51 INFO GET /api/users 200 115ms
2026-08-01 03:05:09 INFO GET /health 200 7ms
2026-08-01 03:05:27 INFO GET /health 200 5ms
2026-08-01 03:05:40 INFO GET /health 200 3ms
2026-08-01 03:05:58 INFO POST /api/login 200 159ms
2026-08-01 03:06:16 INFO POST /api/login 200 208ms
2026-08-01 03:06:34 INFO POST /api/login 200 187ms
2026-08-01 03:06:52 INFO POST /api/login 200 166ms
2026-08-01 03:07:05 ERROR POST /api/orders 500 2572ms
2026-08-01 03:07:23 ERROR POST /api/orders 500 2755ms
2026-08-01 03:07:41 INFO POST /api/orders 200 211ms
2026-08-01 03:07:59 INFO POST /api/orders 200 224ms
2026-08-01 03:08:17 INFO GET /api/users 200 106ms
2026-08-01 03:08:30 INFO GET /api/users 200 117ms
2026-08-01 03:08:48 INFO GET /api/users 200 128ms
2026-08-01 03:09:06 INFO GET /api/users 200 139ms
2026-08-01 03:09:24 INFO GET /api/users 200 90ms
2026-08-01 03:09:42 INFO GET /api/users 200 101ms
2026-08-01 03:09:55 INFO GET /health 200 5ms
2026-08-01 03:10:13 INFO GET /health 200 3ms
2026-08-01 03:10:31 INFO GET /health 200 6ms
2026-08-01 03:10:49 INFO POST /api/login 200 203ms
2026-08-01 03:11:07 INFO POST /api/login 200 182ms
2026-08-01 03:11:20 INFO POST /api/login 200 161ms
2026-08-01 03:11:38 INFO POST /api/login 200 140ms
2026-08-01 03:11:56 ERROR POST /api/orders 500 2310ms
2026-08-01 03:12:14 ERROR POST /api/orders 500 2493ms
2026-08-01 03:12:32 INFO POST /api/orders 200 189ms
2026-08-01 03:12:45 INFO POST /api/orders 200 202ms
2026-08-01 03:13:03 INFO GET /api/users 200 92ms
2026-08-01 03:13:21 INFO GET /api/users 200 103ms
2026-08-01 03:13:39 INFO GET /api/users 200 114ms
2026-08-01 03:13:57 INFO GET /api/users 200 125ms
2026-08-01 03:14:10 INFO GET /api/users 200 136ms
2026-08-01 03:14:28 INFO GET /api/users 200 87ms
2026-08-01 03:14:46 INFO GET /health 200 5ms
2026-08-01 03:15:04 INFO GET /health 200 3ms
2026-08-01 03:15:22 INFO GET /health 200 6ms
2026-08-01 03:15:35 INFO GET /health 200 4ms
2026-08-01 03:15:53 INFO POST /api/login 200 177ms
2026-08-01 03:16:11 INFO POST /api/login 200 156ms
2026-08-01 03:16:29 INFO POST /api/login 200 205ms
2026-08-01 03:16:47 ERROR POST /api/orders 500 2965ms
2026-08-01 03:17:00 ERROR POST /api/orders 500 3148ms
2026-08-01 03:17:18 ERROR POST /api/orders 500 2231ms
2026-08-01 03:17:36 INFO POST /api/orders 200 257ms
2026-08-01 03:17:54 INFO POST /api/orders 200 180ms
2026-08-01 03:18:12 INFO GET /api/users 200 138ms
2026-08-01 03:18:25 INFO GET /api/users 200 89ms
2026-08-01 03:18:43 INFO GET /api/users 200 100ms
2026-08-01 03:19:01 INFO GET /api/users 200 111ms
2026-08-01 03:19:19 INFO GET /api/users 200 122ms
2026-08-01 03:19:37 INFO GET /health 200 3ms
2026-08-01 03:19:50 INFO GET /health 200 6ms
2026-08-01 03:20:08 INFO GET /health 200 4ms
2026-08-01 03:20:26 INFO POST /api/login 200 172ms
2026-08-01 03:20:44 INFO POST /api/login 200 151ms
2026-08-01 03:21:02 INFO POST /api/login 200 200ms
2026-08-01 03:21:15 INFO POST /api/login 200 179ms
2026-08-01 03:21:33 ERROR POST /api/orders 500 2703ms
2026-08-01 03:21:51 ERROR POST /api/orders 500 2886ms
2026-08-01 03:22:09 INFO POST /api/orders 200 222ms
2026-08-01 03:22:27 INFO POST /api/orders 200 235ms
2026-08-01 03:22:40 INFO GET /api/users 200 113ms
2026-08-01 03:22:58 INFO GET /api/users 200 124ms
2026-08-01 03:23:16 INFO GET /api/users 200 135ms
2026-08-01 03:23:34 INFO GET /api/users 200 86ms
2026-08-01 03:23:52 INFO GET /api/users 200 97ms
2026-08-01 03:24:05 INFO GET /api/users 200 108ms
2026-08-01 03:24:23 INFO GET /health 200 6ms
2026-08-01 03:24:41 INFO GET /health 200 4ms
2026-08-01 03:24:59 INFO GET /health 200 7ms
2026-08-01 03:25:17 INFO POST /api/login 200 146ms
2026-08-01 03:25:30 INFO POST /api/login 200 195ms
2026-08-01 03:25:48 INFO POST /api/login 200 174ms
2026-08-01 03:26:06 INFO POST /api/login 200 153ms
2026-08-01 03:26:24 ERROR POST /api/orders 500 2441ms
2026-08-01 03:26:42 ERROR POST /api/orders 500 2624ms
2026-08-01 03:26:55 INFO POST /api/orders 200 200ms
2026-08-01 03:27:13 INFO POST /api/orders 200 213ms
2026-08-01 03:27:31 INFO GET /api/users 200 99ms
2026-08-01 03:27:49 INFO GET /api/users 200 110ms
2026-08-01 03:28:07 INFO GET /api/users 200 121ms
2026-08-01 03:28:20 INFO GET /api/users 200 132ms
2026-08-01 03:28:38 INFO GET /api/users 200 83ms
2026-08-01 03:28:56 INFO GET /api/users 200 94ms
2026-08-01 03:29:14 INFO GET /health 200 6ms
2026-08-01 03:29:32 INFO GET /health 200 4ms
2026-08-01 03:29:45 INFO GET /health 200 7ms
2026-08-01 03:30:03 INFO GET /health 200 5ms
2026-08-01 03:30:21 INFO POST /api/login 200 190ms
2026-08-01 03:30:39 INFO POST /api/login 200 169ms
2026-08-01 03:30:57 INFO POST /api/login 200 148ms
2026-08-01 03:31:10 ERROR POST /api/orders 500 3096ms
2026-08-01 03:31:28 ERROR POST /api/orders 500 2179ms
2026-08-01 03:31:46 ERROR POST /api/orders 500 2362ms
2026-08-01 03:32:04 INFO POST /api/orders 200 268ms
2026-08-01 03:32:22 INFO POST /api/orders 200 191ms
2026-08-01 03:32:35 INFO GET /api/users 200 85ms
2026-08-01 03:32:53 INFO GET /api/users 200 96ms
2026-08-01 03:33:11 INFO GET /api/users 200 107ms
2026-08-01 03:33:29 INFO GET /api/users 200 118ms
2026-08-01 03:33:47 INFO GET /api/users 200 129ms
